127.0.0.1 - - [25/Mar/2025:00:44:31 +0530] "GET / HTTP/1.1" 404 752
0:0:0:0:0:0:0:1 - - [25/Mar/2025:00:44:32 +0530] "GET /129-Web-Servlet/secondServlet HTTP/1.1" 200 91
127.0.0.1 - - [25/Mar/2025:00:45:16 +0530] "GET / HTTP/1.1" 404 752
0:0:0:0:0:0:0:1 - - [25/Mar/2025:00:45:17 +0530] "GET /129-Web-Servlet/welcome HTTP/1.1" 200 90
0:0:0:0:0:0:0:1 - - [25/Mar/2025:00:45:40 +0530] "GET /129-Web-Servlet/secondServlet HTTP/1.1" 200 91
127.0.0.1 - - [25/Mar/2025:10:16:59 +0530] "GET / HTTP/1.1" 404 752
0:0:0:0:0:0:0:1 - - [25/Mar/2025:10:17:01 +0530] "GET /129-Web-Servlet/servlet/com.training.ui.StudentControllerServlet HTTP/1.1" 404 824
0:0:0:0:0:0:0:1 - - [25/Mar/2025:10:17:01 +0530] "GET /favicon.ico HTTP/1.1" 404 763
127.0.0.1 - - [25/Mar/2025:10:17:42 +0530] "GET / HTTP/1.1" 404 752
0:0:0:0:0:0:0:1 - - [25/Mar/2025:10:17:42 +0530] "GET /129-Web-Servlet/servlet/com.training.ui.StudentControllerServlet HTTP/1.1" 404 824
0:0:0:0:0:0:0:1 - - [25/Mar/2025:10:21:16 +0530] "GET /129-Web-Servlet/StudentInput.jsp HTTP/1.1" 200 994
0:0:0:0:0:0:0:1 - - [25/Mar/2025:10:21:41 +0530] "POST /129-Web-Servlet/SCS HTTP/1.1" 200 613
127.0.0.1 - - [25/Mar/2025:10:51:20 +0530] "GET / HTTP/1.1" 404 752
0:0:0:0:0:0:0:1 - - [25/Mar/2025:10:51:24 +0530] "GET /129-Web-Servlet/EmployeeInput.jsp HTTP/1.1" 200 905
0:0:0:0:0:0:0:1 - - [25/Mar/2025:10:51:42 +0530] "POST /129-Web-Servlet/ECS HTTP/1.1" 500 3473
127.0.0.1 - - [25/Mar/2025:10:52:34 +0530] "GET / HTTP/1.1" 404 752
0:0:0:0:0:0:0:1 - - [25/Mar/2025:10:52:35 +0530] "GET /129-Web-Servlet/EmployeeInput.jsp HTTP/1.1" 200 905
0:0:0:0:0:0:0:1 - - [25/Mar/2025:10:52:45 +0530] "POST /129-Web-Servlet/ECS HTTP/1.1" 200 630
0:0:0:0:0:0:0:1 - - [25/Mar/2025:11:46:52 +0530] "GET /129-Web-Servlet/ACS HTTP/1.1" 404 775
0:0:0:0:0:0:0:1 - - [25/Mar/2025:11:47:14 +0530] "GET /129-Web-Servlet/AccountOutput.jsp HTTP/1.1" 500 2752
127.0.0.1 - - [25/Mar/2025:11:48:24 +0530] "GET / HTTP/1.1" 404 752
0:0:0:0:0:0:0:1 - - [25/Mar/2025:11:48:25 +0530] "GET /129-Web-Servlet/AccountOutput.jsp HTTP/1.1" 500 2752
127.0.0.1 - - [25/Mar/2025:11:49:16 +0530] "GET / HTTP/1.1" 404 752
0:0:0:0:0:0:0:1 - - [25/Mar/2025:11:49:17 +0530] "GET /129-Web-Servlet/AccountOutput.jsp HTTP/1.1" 500 2752
127.0.0.1 - - [25/Mar/2025:11:53:50 +0530] "GET / HTTP/1.1" 404 752
0:0:0:0:0:0:0:1 - - [25/Mar/2025:11:53:52 +0530] "GET /129-Web-Servlet/AccountOutput.jsp HTTP/1.1" 500 2752
0:0:0:0:0:0:0:1 - - [25/Mar/2025:11:54:26 +0530] "GET /129-Web-Servlet/SCS HTTP/1.1" 405 752
0:0:0:0:0:0:0:1 - - [25/Mar/2025:11:54:37 +0530] "GET /129-Web-Servlet/ACS HTTP/1.1" 500 3038
127.0.0.1 - - [25/Mar/2025:12:03:20 +0530] "GET / HTTP/1.1" 404 752
0:0:0:0:0:0:0:1 - - [25/Mar/2025:12:03:22 +0530] "GET /129-Web-Servlet/AccountOutput.jsp HTTP/1.1" 500 2804
127.0.0.1 - - [25/Mar/2025:12:05:50 +0530] "GET / HTTP/1.1" 404 752
0:0:0:0:0:0:0:1 - - [25/Mar/2025:12:05:51 +0530] "GET /129-Web-Servlet/AccountOutput.jsp HTTP/1.1" 500 2752
127.0.0.1 - - [25/Mar/2025:12:12:52 +0530] "GET / HTTP/1.1" 404 752
0:0:0:0:0:0:0:1 - - [25/Mar/2025:12:12:53 +0530] "GET /129-Web-Servlet/ACS HTTP/1.1" 500 3038
127.0.0.1 - - [25/Mar/2025:12:26:01 +0530] "GET / HTTP/1.1" 404 752
0:0:0:0:0:0:0:1 - - [25/Mar/2025:12:26:02 +0530] "GET /129-Web-Servlet/ACS HTTP/1.1" 500 3038
127.0.0.1 - - [25/Mar/2025:14:11:49 +0530] "GET / HTTP/1.1" 404 752
0:0:0:0:0:0:0:1 - - [25/Mar/2025:14:11:50 +0530] "GET /130-Web-Servlet/ACS HTTP/1.1" 500 3470
127.0.0.1 - - [25/Mar/2025:14:13:12 +0530] "GET / HTTP/1.1" 404 752
0:0:0:0:0:0:0:1 - - [25/Mar/2025:14:13:12 +0530] "GET /130-Web-Servlet/AccountOutput.jsp HTTP/1.1" 500 2752
127.0.0.1 - - [25/Mar/2025:14:15:05 +0530] "GET / HTTP/1.1" 404 752
0:0:0:0:0:0:0:1 - - [25/Mar/2025:14:15:07 +0530] "GET /130-Web-Servlet/ACS HTTP/1.1" 500 3038
0:0:0:0:0:0:0:1 - - [25/Mar/2025:14:29:34 +0530] "GET /130-Web-Servlet/StudentInput.jsp HTTP/1.1" 200 994
0:0:0:0:0:0:0:1 - - [25/Mar/2025:14:29:39 +0530] "POST /130-Web-Servlet/SCS HTTP/1.1" 200 613
0:0:0:0:0:0:0:1 - - [25/Mar/2025:14:32:01 +0530] "GET /130-Web-Servlet/ACS HTTP/1.1" 500 3022
127.0.0.1 - - [25/Mar/2025:14:40:18 +0530] "GET / HTTP/1.1" 404 752
0:0:0:0:0:0:0:1 - - [25/Mar/2025:14:40:23 +0530] "GET /130-Web-Servlet/ACS HTTP/1.1" 200 426
0:0:0:0:0:0:0:1 - - [25/Mar/2025:14:48:28 +0530] "GET /130-Web-Servlet/EmployeeInput.jsp HTTP/1.1" 200 905
0:0:0:0:0:0:0:1 - - [25/Mar/2025:14:48:34 +0530] "POST /130-Web-Servlet/ECS HTTP/1.1" 200 630
0:0:0:0:0:0:0:1 - - [25/Mar/2025:14:59:13 +0530] "GET /129-Web-Servlet/welcome HTTP/1.1" 200 90
0:0:0:0:0:0:0:1 - - [25/Mar/2025:14:59:43 +0530] "GET /129-Web-Servlet/StudentInput.jsp HTTP/1.1" 200 994
0:0:0:0:0:0:0:1 - - [25/Mar/2025:14:59:48 +0530] "POST /129-Web-Servlet/SCS HTTP/1.1" 200 613
0:0:0:0:0:0:0:1 - - [25/Mar/2025:15:03:17 +0530] "GET /129-Web-Servlet/ACS HTTP/1.1" 500 3038
0:0:0:0:0:0:0:1 - - [25/Mar/2025:15:03:18 +0530] "GET /favicon.ico HTTP/1.1" 404 763
127.0.0.1 - - [25/Mar/2025:15:06:21 +0530] "GET / HTTP/1.1" 404 752
0:0:0:0:0:0:0:1 - - [25/Mar/2025:15:06:26 +0530] "GET /129-Web-Servlet/ACS HTTP/1.1" 200 426
127.0.0.1 - - [25/Mar/2025:15:28:23 +0530] "GET / HTTP/1.1" 404 752
0:0:0:0:0:0:0:1 - - [25/Mar/2025:15:28:24 +0530] "GET /129-Web-Servlet/SLCS HTTP/1.1" 500 3482
127.0.0.1 - - [25/Mar/2025:15:29:18 +0530] "GET / HTTP/1.1" 404 752
0:0:0:0:0:0:0:1 - - [25/Mar/2025:15:29:20 +0530] "GET /129-Web-Servlet/SLCS HTTP/1.1" 500 6103
0:0:0:0:0:0:0:1 - - [25/Mar/2025:15:32:47 +0530] "GET /129-Web-Servlet/SLCS HTTP/1.1" 500 6103
0:0:0:0:0:0:0:1 - - [25/Mar/2025:15:33:01 +0530] "GET /129-Web-Servlet/SLCS HTTP/1.1" 500 6103
127.0.0.1 - - [25/Mar/2025:15:35:03 +0530] "GET / HTTP/1.1" 404 752
0:0:0:0:0:0:0:1 - - [25/Mar/2025:15:35:04 +0530] "GET /129-Web-Servlet/StudentList.jsp HTTP/1.1" 500 5221
127.0.0.1 - - [25/Mar/2025:15:41:47 +0530] "GET / HTTP/1.1" 404 752
0:0:0:0:0:0:0:1 - - [25/Mar/2025:15:41:53 +0530] "GET /129-Web-Servlet/SLCS HTTP/1.1" 200 1000
0:0:0:0:0:0:0:1 - - [25/Mar/2025:15:42:47 +0530] "GET /129-Web-Servlet/SLCS HTTP/1.1" 200 1011
127.0.0.1 - - [25/Mar/2025:16:41:35 +0530] "GET / HTTP/1.1" 404 752
0:0:0:0:0:0:0:1 - - [25/Mar/2025:16:41:44 +0530] "GET /130-Student-CRUD-Web/Menu.jsp HTTP/1.1" 200 220
0:0:0:0:0:0:0:1 - - [25/Mar/2025:17:03:29 +0530] "GET /130-Student-CRUD-Web/ListStudents HTTP/1.1" 404 789
127.0.0.1 - - [25/Mar/2025:17:06:43 +0530] "GET / HTTP/1.1" 404 752
0:0:0:0:0:0:0:1 - - [25/Mar/2025:17:06:44 +0530] "GET /130-Student-CRUD-Web/ListStudents HTTP/1.1" 500 3485
127.0.0.1 - - [25/Mar/2025:17:07:43 +0530] "GET / HTTP/1.1" 404 752
0:0:0:0:0:0:0:1 - - [25/Mar/2025:17:07:44 +0530] "GET /130-Student-CRUD-Web/ListStudents HTTP/1.1" 500 3485
127.0.0.1 - - [25/Mar/2025:17:10:46 +0530] "GET / HTTP/1.1" 404 752
0:0:0:0:0:0:0:1 - - [25/Mar/2025:17:10:46 +0530] "GET /130-Student-CRUD-Web/ListStudents HTTP/1.1" 500 1540
0:0:0:0:0:0:0:1 - - [25/Mar/2025:17:11:40 +0530] "GET /130-Student-CRUD-Web/ListStudents HTTP/1.1" 200 1310
0:0:0:0:0:0:0:1 - - [25/Mar/2025:17:12:48 +0530] "GET /130-Student-CRUD-Web/Menu.jsp HTTP/1.1" 200 220
0:0:0:0:0:0:0:1 - - [25/Mar/2025:17:12:50 +0530] "GET /130-Student-CRUD-Web/ListStudents HTTP/1.1" 200 1310
0:0:0:0:0:0:0:1 - - [25/Mar/2025:17:13:01 +0530] "GET /130-Student-CRUD-Web/ListStudents HTTP/1.1" 200 1310
127.0.0.1 - - [25/Mar/2025:23:59:43 +0530] "GET / HTTP/1.1" 404 752
0:0:0:0:0:0:0:1 - - [25/Mar/2025:23:59:48 +0530] "GET /130-Student-CRUD-Web/AddNewStudent.jsp HTTP/1.1" 200 996
0:0:0:0:0:0:0:1 - - [25/Mar/2025:23:59:48 +0530] "GET /favicon.ico HTTP/1.1" 404 763
0:0:0:0:0:0:0:1 - - [25/Mar/2025:23:59:56 +0530] "GET /130-Student-CRUD-Web/ASCC?txt_rollNo=1234&txt_name=Maria&rad_gender=Female&txt_mark1=89&txt_mark2=98 HTTP/1.1" 404 781
